[1] Attempting FTPS (secure: true) to solveta.asia:21 as kond2433...
Connected to 203.175.9.146:21 (No encryption)
< 220 ProFTPD Server (ProFTPD Default Installation) [::ffff:203.175.9.146]

> AUTH TLS
< 234 AUTH TLS successful

Control socket is using: TLSv1.3
> OPTS UTF8 ON
< 500 OPTS UTF8 not understood

Login security: TLSv1.3
> USER kond2433
< 331 Password required for kond2433

> PASS ###
< 230 User kond2433 logged in

> FEAT
< 211-Features:

<  AUTH TLS

<  CCC

<  CLNT

<  CSID

<  EPRT

<  EPSV

<  HOST

<  MDTM

<  MFF modify;UNIX.group;UNIX.mode;

<  MFMT

<  MLST modify*;perm*;size*;type*;unique*;UNIX.group*;UNIX.groupname*;UNIX.mode*;UNIX.owner*;UNIX.ownername*;

<  PBSZ

<  PROT

<  RANG STREAM

<  REST STREAM

<  SIZE

<  SSCN

<  TVFS

< 211 End

> TYPE I
< 200 Type set to I

> STRU F
< 200 Structure set to F

> OPTS UTF8 ON
< 500 OPTS UTF8 not understood

> OPTS MLST type;size;modify;unique;unix.mode;unix.owner;unix.group;unix.ownername;unix.groupname;
< 200 MLST OPTS type;size;modify;unique;UNIX.mode;UNIX.owner;UNIX.group;UNIX.ownername;UNIX.groupname;

> PBSZ 0
< 200 PBSZ 0 successful

> PROT P
< 200 Protection set to Private

Successfully connected via FTPS!
> PWD
< 257 "/" is the current directory

Initial remote directory: /
Trying to find optimal transfer strategy...
> EPSV
< 229 Entering Extended Passive Mode (|||53996|)

Optimal transfer strategy found.
> MLSD
< 150 Opening BINARY mode data connection for MLSD

Downloading from 203.175.9.146:53996 (TLSv1.3)
< 226 Transfer complete

modify=20260922163312;type=dir;unique=813U8B00032;UNIX.group=2389;UNIX.groupname=kond2433;UNIX.mode=0755;UNIX.owner=2384;UNIX.ownername=kond2433; ssl
modify=20260922191636;size=552;type=file;unique=813U8B0007A;UNIX.group=2389;UNIX.groupname=kond2433;UNIX.mode=0600;UNIX.owner=2384;UNIX.ownername=kond2433; .lastlogin
modify=20260922085028;type=dir;unique=813U8B00067;UNIX.group=2389;UNIX.groupname=kond2433;UNIX.mode=0700;UNIX.owner=2384;UNIX.ownername=kond2433; logs
modify=20260910064437;size=18;type=file;unique=813U8B00003;UNIX.group=2389;UNIX.groupname=kond2433;UNIX.mode=0644;UNIX.owner=2384;UNIX.ownername=kond2433; .bash_logout
modify=20260910064456;size=138;type=file;unique=813U8B00030;UNIX.group=2389;UNIX.groupname=kond2433;UNIX.mode=0644;UNIX.owner=2384;UNIX.ownername=kond2433; .gemrc
modify=20260921114646;type=pdir;unique=813U8B00001;UNIX.group=2389;UNIX.groupname=kond2433;UNIX.mode=0711;UNIX.owner=2384;UNIX.ownername=kond2433; ..
modify=20260920102217;size=787;type=file;unique=813U8B014DE;UNIX.group=2389;UNIX.groupname=kond2433;UNIX.mode=0644;UNIX.owner=2384;UNIX.ownername=kond2433; check_server_users.php
modify=20260922151540;type=dir;unique=813U8B00073;UNIX.group=2389;UNIX.groupname=kond2433;UNIX.mode=0700;UNIX.owner=2384;UNIX.ownername=kond2433; .trash
modify=20260922192458;type=dir;unique=813U8B00005;UNIX.group=65534;UNIX.groupname=kond2433;UNIX.mode=0750;UNIX.owner=2384;UNIX.ownername=kond2433; public_html
modify=20260910065029;type=dir;unique=813U8B0007D;UNIX.group=2389;UNIX.groupname=kond2433;UNIX.mode=0711;UNIX.owner=2384;UNIX.ownername=kond2433; .softaculous
modify=20260910064437;size=492;type=file;unique=813U8B00004;UNIX.group=2389;UNIX.groupname=kond2433;UNIX.mode=0644;UNIX.owner=2384;UNIX.ownername=kond2433; .bashrc
modify=20260910093602;type=dir;unique=813U8B00039;UNIX.group=2389;UNIX.groupname=kond2433;UNIX.mode=0771;UNIX.owner=2384;UNIX.ownername=kond2433; .cagefs
modify=20260910064437;size=11;type=OS.unix=symlink;unique=813U8B00005;UNIX.group=2389;UNIX.groupname=kond2433;UNIX.mode=0777;UNIX.owner=2384;UNIX.ownername=kond2433; www
modify=20260910065054;size=684;type=file;unique=813U8B00085;UNIX.group=2389;UNIX.groupname=kond2433;UNIX.mode=0600;UNIX.owner=2384;UNIX.ownername=kond2433; .wp-toolkit-identifier
modify=20260910064437;type=dir;unique=813U8B0000F;UNIX.group=12;UNIX.groupname=kond2433;UNIX.mode=0750;UNIX.owner=2384;UNIX.ownername=kond2433; etc
modify=20260910065028;type=dir;unique=813U8B00079;UNIX.group=2389;UNIX.groupname=kond2433;UNIX.mode=0755;UNIX.owner=2384;UNIX.ownername=kond2433; .koality
modify=20260910064437;type=dir;unique=813U8B0000D;UNIX.group=2389;UNIX.groupname=kond2433;UNIX.mode=0750;UNIX.owner=2384;UNIX.ownername=kond2433; public_ftp
modify=20260921114646;type=cdir;unique=813U8B00001;UNIX.group=2389;UNIX.groupname=kond2433;UNIX.mode=0711;UNIX.owner=2384;UNIX.ownername=kond2433; .
modify=20260920093005;type=dir;unique=813U8B00006;UNIX.group=2389;UNIX.groupname=kond2433;UNIX.mode=0700;UNIX.owner=2384;UNIX.ownername=kond2433; .ssh
modify=20260920082750;type=dir;unique=813U8B00036;UNIX.group=2389;UNIX.groupname=kond2433;UNIX.mode=0755;UNIX.owner=2384;UNIX.ownername=kond2433; .cl.selector
modify=20260910064456;size=0;type=file;unique=813U8B0002B;UNIX.group=2389;UNIX.groupname=kond2433;UNIX.mode=0644;UNIX.owner=2384;UNIX.ownername=kond2433; .spamassassinenable
modify=20260910065602;type=dir;unique=813U8B00011;UNIX.group=2389;UNIX.groupname=kond2433;UNIX.mode=0751;UNIX.owner=2384;UNIX.ownername=kond2433; mail
modify=20260910115819;type=dir;unique=813U8B0010E;UNIX.group=2389;UNIX.groupname=kond2433;UNIX.mode=0755;UNIX.owner=2384;UNIX.ownername=kond2433; laravel_akuatik
modify=20260910202729;type=dir;unique=813U8B0006C;UNIX.group=2389;UNIX.groupname=kond2433;UNIX.mode=02770;UNIX.owner=65534;UNIX.ownername=kond2433; lscache
modify=20260910064437;type=dir;unique=813U8B00028;UNIX.group=2389;UNIX.groupname=kond2433;UNIX.mode=0700;UNIX.owner=2384;UNIX.ownername=kond2433; .caldav
modify=20260910064456;type=dir;unique=813U8B0002E;UNIX.group=2389;UNIX.groupname=kond2433;UNIX.mode=0700;UNIX.owner=2384;UNIX.ownername=kond2433; .spamassassin
modify=20260922173912;type=dir;unique=813U8B0000C;UNIX.group=2389;UNIX.groupname=kond2433;UNIX.mode=0755;UNIX.owner=2384;UNIX.ownername=kond2433; tmp
modify=20260910064511;type=dir;unique=813U8B00068;UNIX.group=2389;UNIX.groupname=kond2433;UNIX.mode=0700;UNIX.owner=2384;UNIX.ownername=kond2433; .clwpos
modify=20260910064437;size=141;type=file;unique=813U8B00002;UNIX.group=2389;UNIX.groupname=kond2433;UNIX.mode=0644;UNIX.owner=2384;UNIX.ownername=kond2433; .bash_profile
modify=20260922194046;type=dir;unique=813U8B00007;UNIX.group=2389;UNIX.groupname=kond2433;UNIX.mode=0700;UNIX.owner=2384;UNIX.ownername=kond2433; .cpanel
modify=20260910064437;type=dir;unique=813U8B0000A;UNIX.group=65534;UNIX.groupname=kond2433;UNIX.mode=0750;UNIX.owner=2384;UNIX.ownername=kond2433; .htpasswds
modify=20260921114646;size=756;type=file;unique=813U8B01741;UNIX.group=2389;UNIX.groupname=kond2433;UNIX.mode=0644;UNIX.owner=2384;UNIX.ownername=kond2433; .env.tekape.bak

Items in initial directory: [
  'ssl',                    '.lastlogin',
  'logs',                   '.bash_logout',
  '.gemrc',                 'check_server_users.php',
  '.trash',                 'public_html',
  '.softaculous',           '.bashrc',
  '.cagefs',                'www',
  '.wp-toolkit-identifier', 'etc',
  '.koality',               'public_ftp',
  '.ssh',                   '.cl.selector',
  '.spamassassinenable',    'mail',
  'laravel_akuatik',        'lscache',
  '.caldav',                '.spamassassin',
  'tmp',                    '.clwpos',
  '.bash_profile',          '.cpanel',
  '.htpasswds',             '.env.tekape.bak'
]
Navigating into public_html/...
> CWD public_html
< 250 CWD command successful

> PWD
< 257 "/public_html" is the current directory

Target directory for deployment: /public_html
--> Uploading app/ directory...
> PWD
< 257 "/public_html" is the current directory

> MKD app
< 257 "/public_html/app" - Directory successfully created

> CWD app
< 250 CWD command successful

> EPSV
< 229 Entering Extended Passive Mode (|||51048|)

> STOR .htaccess
< 150 Opening BINARY mode data connection for .htaccess

Uploading to 203.175.9.146:51048 (TLSv1.3)
< 226 Transfer complete

> EPSV
< 229 Entering Extended Passive Mode (|||59835|)

> STOR Common.php
< 150 Opening BINARY mode data connection for Common.php

Uploading to 203.175.9.146:59835 (TLSv1.3)
< 226 Transfer complete

> MKD Config
< 257 "/public_html/app/Config" - Directory successfully created

> CWD Config
< 250 CWD command successful

> EPSV
< 229 Entering Extended Passive Mode (|||59986|)

> STOR App.php
< 150 Opening BINARY mode data connection for App.php

Uploading to 203.175.9.146:59986 (TLSv1.3)
< 226 Transfer complete

> EPSV
< 229 Entering Extended Passive Mode (|||49573|)

> STOR Autoload.php
< 150 Opening BINARY mode data connection for Autoload.php

Uploading to 203.175.9.146:49573 (TLSv1.3)
< 226 Transfer complete

> MKD Boot
< 257 "/public_html/app/Config/Boot" - Directory successfully created

> CWD Boot
< 250 CWD command successful

> EPSV
< 229 Entering Extended Passive Mode (|||61750|)

> STOR development.php
< 150 Opening BINARY mode data connection for development.php

Uploading to 203.175.9.146:61750 (TLSv1.3)
< 226 Transfer complete

> EPSV
< 229 Entering Extended Passive Mode (|||61188|)

> STOR production.php
< 150 Opening BINARY mode data connection for production.php

Uploading to 203.175.9.146:61188 (TLSv1.3)
< 226 Transfer complete

> EPSV
< 229 Entering Extended Passive Mode (|||58401|)

> STOR testing.php
< 150 Opening BINARY mode data connection for testing.php

Uploading to 203.175.9.146:58401 (TLSv1.3)
< 226 Transfer complete

> CDUP
< 250 CDUP command successful

> EPSV
< 229 Entering Extended Passive Mode (|||50033|)

> STOR CURLRequest.php
< 150 Opening BINARY mode data connection for CURLRequest.php

Uploading to 203.175.9.146:50033 (TLSv1.3)
< 226 Transfer complete

> EPSV
< 229 Entering Extended Passive Mode (|||64073|)

> STOR Cache.php
< 150 Opening BINARY mode data connection for Cache.php

Uploading to 203.175.9.146:64073 (TLSv1.3)
< 226 Transfer complete

> EPSV
< 229 Entering Extended Passive Mode (|||59074|)

> STOR Constants.php
< 150 Opening BINARY mode data connection for Constants.php

Uploading to 203.175.9.146:59074 (TLSv1.3)
< 226 Transfer complete

> EPSV
< 229 Entering Extended Passive Mode (|||59611|)

> STOR ContentSecurityPolicy.php
< 150 Opening BINARY mode data connection for ContentSecurityPolicy.php

Uploading to 203.175.9.146:59611 (TLSv1.3)
< 226 Transfer complete

> EPSV
< 229 Entering Extended Passive Mode (|||56769|)

> STOR Cookie.php
< 150 Opening BINARY mode data connection for Cookie.php

Uploading to 203.175.9.146:56769 (TLSv1.3)
< 226 Transfer complete

> EPSV
< 229 Entering Extended Passive Mode (|||59439|)

> STOR Database.php
< 150 Opening BINARY mode data connection for Database.php

Uploading to 203.175.9.146:59439 (TLSv1.3)
< 226 Transfer complete

> EPSV
< 229 Entering Extended Passive Mode (|||59616|)

> STOR DocTypes.php
< 150 Opening BINARY mode data connection for DocTypes.php

Uploading to 203.175.9.146:59616 (TLSv1.3)
< 226 Transfer complete

> EPSV
< 229 Entering Extended Passive Mode (|||54043|)

> STOR Email.php
< 150 Opening BINARY mode data connection for Email.php

Uploading to 203.175.9.146:54043 (TLSv1.3)
< 226 Transfer complete

> EPSV
< 229 Entering Extended Passive Mode (|||50459|)

> STOR Encryption.php
< 150 Opening BINARY mode data connection for Encryption.php

Uploading to 203.175.9.146:50459 (TLSv1.3)
< 226 Transfer complete

> EPSV
< 229 Entering Extended Passive Mode (|||50283|)

> STOR Events.php
< 150 Opening BINARY mode data connection for Events.php

Uploading to 203.175.9.146:50283 (TLSv1.3)
< 226 Transfer complete

> EPSV
< 229 Entering Extended Passive Mode (|||57542|)

> STOR Exceptions.php
< 150 Opening BINARY mode data connection for Exceptions.php

Uploading to 203.175.9.146:57542 (TLSv1.3)
< 226 Transfer complete

> EPSV
< 229 Entering Extended Passive Mode (|||54695|)

> STOR Feature.php
< 150 Opening BINARY mode data connection for Feature.php

Uploading to 203.175.9.146:54695 (TLSv1.3)
< 226 Transfer complete

> EPSV
< 229 Entering Extended Passive Mode (|||55052|)

> STOR Filters.php
< 150 Opening BINARY mode data connection for Filters.php

Uploading to 203.175.9.146:55052 (TLSv1.3)
< 226 Transfer complete

> EPSV
< 229 Entering Extended Passive Mode (|||58407|)

> STOR ForeignCharacters.php
< 150 Opening BINARY mode data connection for ForeignCharacters.php

Uploading to 203.175.9.146:58407 (TLSv1.3)
< 226 Transfer complete

> EPSV
< 229 Entering Extended Passive Mode (|||49508|)

> STOR Format.php
< 150 Opening BINARY mode data connection for Format.php

Uploading to 203.175.9.146:49508 (TLSv1.3)
< 226 Transfer complete

> EPSV
< 229 Entering Extended Passive Mode (|||55801|)

> STOR Generators.php
< 150 Opening BINARY mode data connection for Generators.php

Uploading to 203.175.9.146:55801 (TLSv1.3)
< 226 Transfer complete

> EPSV
< 229 Entering Extended Passive Mode (|||52688|)

> STOR Honeypot.php
< 150 Opening BINARY mode data connection for Honeypot.php

Uploading to 203.175.9.146:52688 (TLSv1.3)
< 226 Transfer complete

> EPSV
< 229 Entering Extended Passive Mode (|||64992|)

> STOR Images.php
< 150 Opening BINARY mode data connection for Images.php

Uploading to 203.175.9.146:64992 (TLSv1.3)
< 226 Transfer complete

> EPSV
< 229 Entering Extended Passive Mode (|||52197|)

> STOR Kint.php
< 150 Opening BINARY mode data connection for Kint.php

Uploading to 203.175.9.146:52197 (TLSv1.3)
< 226 Transfer complete

> EPSV
< 229 Entering Extended Passive Mode (|||56900|)

> STOR Logger.php
< 150 Opening BINARY mode data connection for Logger.php

Uploading to 203.175.9.146:56900 (TLSv1.3)
< 226 Transfer complete

> EPSV
< 229 Entering Extended Passive Mode (|||64431|)

> STOR Migrations.php
< 150 Opening BINARY mode data connection for Migrations.php

Uploading to 203.175.9.146:64431 (TLSv1.3)
< 226 Transfer complete

> EPSV
< 229 Entering Extended Passive Mode (|||57653|)

> STOR Mimes.php
< 150 Opening BINARY mode data connection for Mimes.php

Uploading to 203.175.9.146:57653 (TLSv1.3)
< 226 Transfer complete

> EPSV
< 229 Entering Extended Passive Mode (|||58336|)

> STOR Modules.php
< 150 Opening BINARY mode data connection for Modules.php

Uploading to 203.175.9.146:58336 (TLSv1.3)
< 226 Transfer complete

> EPSV
< 229 Entering Extended Passive Mode (|||52893|)

> STOR Pager.php
< 150 Opening BINARY mode data connection for Pager.php

Uploading to 203.175.9.146:52893 (TLSv1.3)
< 226 Transfer complete

> EPSV
< 229 Entering Extended Passive Mode (|||59550|)

> STOR Paths.php
< 150 Opening BINARY mode data connection for Paths.php

Uploading to 203.175.9.146:59550 (TLSv1.3)
< 226 Transfer complete

> EPSV
< 229 Entering Extended Passive Mode (|||52638|)

> STOR Publisher.php
< 150 Opening BINARY mode data connection for Publisher.php

Uploading to 203.175.9.146:52638 (TLSv1.3)
< 226 Transfer complete

> EPSV
< 229 Entering Extended Passive Mode (|||63728|)

> STOR Routes.php
< 150 Opening BINARY mode data connection for Routes.php

Uploading to 203.175.9.146:63728 (TLSv1.3)
< 226 Transfer complete

> EPSV
< 229 Entering Extended Passive Mode (|||59971|)

> STOR Security.php
< 150 Opening BINARY mode data connection for Security.php

Uploading to 203.175.9.146:59971 (TLSv1.3)
< 226 Transfer complete

> EPSV
< 229 Entering Extended Passive Mode (|||65236|)

> STOR Services.php
< 150 Opening BINARY mode data connection for Services.php

Uploading to 203.175.9.146:65236 (TLSv1.3)
< 226 Transfer complete

> EPSV
< 229 Entering Extended Passive Mode (|||59383|)

> STOR Toolbar.php
< 150 Opening BINARY mode data connection for Toolbar.php

Uploading to 203.175.9.146:59383 (TLSv1.3)
< 226 Transfer complete

> EPSV
< 229 Entering Extended Passive Mode (|||52838|)

> STOR UserAgents.php
< 150 Opening BINARY mode data connection for UserAgents.php

Uploading to 203.175.9.146:52838 (TLSv1.3)
< 226 Transfer complete

> EPSV
< 229 Entering Extended Passive Mode (|||49735|)

> STOR Validation.php
< 150 Opening BINARY mode data connection for Validation.php

Uploading to 203.175.9.146:49735 (TLSv1.3)
< 226 Transfer complete

> EPSV
< 229 Entering Extended Passive Mode (|||57922|)

> STOR View.php
< 150 Opening BINARY mode data connection for View.php

Uploading to 203.175.9.146:57922 (TLSv1.3)
< 226 Transfer complete

> CDUP
< 250 CDUP command successful

> MKD Controllers
< 257 "/public_html/app/Controllers" - Directory successfully created

> CWD Controllers
< 250 CWD command successful

> EPSV
< 229 Entering Extended Passive Mode (|||62760|)

> STOR Admin.php
< 150 Opening BINARY mode data connection for Admin.php

Uploading to 203.175.9.146:62760 (TLSv1.3)
< 226 Transfer complete

> EPSV
< 229 Entering Extended Passive Mode (|||60194|)

> STOR Auth.php
< 150 Opening BINARY mode data connection for Auth.php

Uploading to 203.175.9.146:60194 (TLSv1.3)
< 226 Transfer complete

> EPSV
< 229 Entering Extended Passive Mode (|||49157|)

> STOR BaseController.php
< 150 Opening BINARY mode data connection for BaseController.php

Uploading to 203.175.9.146:49157 (TLSv1.3)
< 226 Transfer complete

> EPSV
< 229 Entering Extended Passive Mode (|||56666|)

> STOR Formulir.php
< 150 Opening BINARY mode data connection for Formulir.php

Uploading to 203.175.9.146:56666 (TLSv1.3)
< 226 Transfer complete

> EPSV
< 229 Entering Extended Passive Mode (|||54277|)

> STOR Home.php
< 150 Opening BINARY mode data connection for Home.php

Uploading to 203.175.9.146:54277 (TLSv1.3)
< 226 Transfer complete

> CDUP
< 250 CDUP command successful

> MKD Database
< 257 "/public_html/app/Database" - Directory successfully created

> CWD Database
< 250 CWD command successful

> MKD Migrations
< 257 "/public_html/app/Database/Migrations" - Directory successfully created

> CWD Migrations
< 250 CWD command successful

> EPSV
< 229 Entering Extended Passive Mode (|||54048|)

> STOR .gitkeep
< 150 Opening BINARY mode data connection for .gitkeep

Uploading to 203.175.9.146:54048 (TLSv1.3)
> QUIT
FATAL: Deployment failed: [Error: 80ECF19C917F0000:error:0A00041A:SSL routines:ssl3_read_bytes:tlsv1 alert decode error:../deps/openssl/openssl/ssl/record/rec_layer_s3.c:1601:SSL alert number 50
 (data socket)] {
  library: 'SSL routines',
  reason: 'tlsv1 alert decode error',
  code: 'ERR_SSL_TLSV1_ALERT_DECODE_ERROR'
}
